// Jest Snapshot v1, https://goo.gl/fbAQLP

exports[`should test EpisodesList component renders the EpisodesList component 1`] = `
Object {
  "asFragment": [Function],
  "baseElement": <body>
    <div>
      <div
        class="accordion-list mb-2 accordion"
      >
        <div
          class="accordion-item"
        >
          <h2
            class="accordion-header"
          >
            <button
              aria-expanded="false"
              class="accordion-button collapsed"
              type="button"
            >
              Episode 
              1
               - 
              Ali
            </button>
          </h2>
          <div
            class="accordion-collapse collapse"
          >
            <div
              class="text-light accordion-body"
            >
              <div
                class="row"
              >
                <div
                  class="col"
                >
                  <div
                    class="text-muted mb-3"
                  >
                    Aired: 
                    2019/11/07 20:00
                    <span
                      class="mt-3 text-dark badge bg-light"
                    >
                      Local timezone: 
                      OFF
                    </span>
                  </div>
                  Summary:
                  <div>
                    We don't have a summary for Episode 
                    1
                     yet!
                  </div>
                </div>
                <div
                  class="col"
                >
                  <img
                    class="fluid page-show-details-img"
                    src="https://static.tvmaze.com/uploads/images/medium_landscape/223/559423.jpg"
                  />
                </div>
              </div>
            </div>
          </div>
        </div>
      </div>
      <div
        class="accordion-list mb-2 accordion"
      >
        <div
          class="accordion-item"
        >
          <h2
            class="accordion-header"
          >
            <button
              aria-expanded="false"
              class="accordion-button collapsed"
              type="button"
            >
              Episode 
              2
               - 
              Der Weg des Geldes
            </button>
          </h2>
          <div
            class="accordion-collapse collapse"
          >
            <div
              class="text-light accordion-body"
            >
              <div
                class="row"
              >
                <div
                  class="col"
                >
                  <div
                    class="text-muted mb-3"
                  >
                    Aired: 
                    2019/11/14 20:00
                    <span
                      class="mt-3 text-dark badge bg-light"
                    >
                      Local timezone: 
                      OFF
                    </span>
                  </div>
                  Summary:
                  <div>
                    We don't have a summary for Episode 
                    2
                     yet!
                  </div>
                </div>
                <div
                  class="col"
                >
                  <img
                    class="fluid page-show-details-img"
                    src="https://static.tvmaze.com/uploads/images/medium_landscape/224/562018.jpg"
                  />
                </div>
              </div>
            </div>
          </div>
        </div>
      </div>
      <div
        class="accordion-list mb-2 accordion"
      >
        <div
          class="accordion-item"
        >
          <h2
            class="accordion-header"
          >
            <button
              aria-expanded="false"
              class="accordion-button collapsed"
              type="button"
            >
              Episode 
              3
               - 
              Vertrauter Feind
            </button>
          </h2>
          <div
            class="accordion-collapse collapse"
          >
            <div
              class="text-light accordion-body"
            >
              <div
                class="row"
              >
                <div
                  class="col"
                >
                  <div
                    class="text-muted mb-3"
                  >
                    Aired: 
                    2019/11/21 20:00
                    <span
                      class="mt-3 text-dark badge bg-light"
                    >
                      Local timezone: 
                      OFF
                    </span>
                  </div>
                  Summary:
                  <div>
                    We don't have a summary for Episode 
                    3
                     yet!
                  </div>
                </div>
                <div
                  class="col"
                >
                  <img
                    class="fluid page-show-details-img"
                    src="https://static.tvmaze.com/uploads/images/medium_landscape/227/568939.jpg"
                  />
                </div>
              </div>
            </div>
          </div>
        </div>
      </div>
    </div>
  </body>,
  "container": <div>
    <div
      class="accordion-list mb-2 accordion"
    >
      <div
        class="accordion-item"
      >
        <h2
          class="accordion-header"
        >
          <button
            aria-expanded="false"
            class="accordion-button collapsed"
            type="button"
          >
            Episode 
            1
             - 
            Ali
          </button>
        </h2>
        <div
          class="accordion-collapse collapse"
        >
          <div
            class="text-light accordion-body"
          >
            <div
              class="row"
            >
              <div
                class="col"
              >
                <div
                  class="text-muted mb-3"
                >
                  Aired: 
                  2019/11/07 20:00
                  <span
                    class="mt-3 text-dark badge bg-light"
                  >
                    Local timezone: 
                    OFF
                  </span>
                </div>
                Summary:
                <div>
                  We don't have a summary for Episode 
                  1
                   yet!
                </div>
              </div>
              <div
                class="col"
              >
                <img
                  class="fluid page-show-details-img"
                  src="https://static.tvmaze.com/uploads/images/medium_landscape/223/559423.jpg"
                />
              </div>
            </div>
          </div>
        </div>
      </div>
    </div>
    <div
      class="accordion-list mb-2 accordion"
    >
      <div
        class="accordion-item"
      >
        <h2
          class="accordion-header"
        >
          <button
            aria-expanded="false"
            class="accordion-button collapsed"
            type="button"
          >
            Episode 
            2
             - 
            Der Weg des Geldes
          </button>
        </h2>
        <div
          class="accordion-collapse collapse"
        >
          <div
            class="text-light accordion-body"
          >
            <div
              class="row"
            >
              <div
                class="col"
              >
                <div
                  class="text-muted mb-3"
                >
                  Aired: 
                  2019/11/14 20:00
                  <span
                    class="mt-3 text-dark badge bg-light"
                  >
                    Local timezone: 
                    OFF
                  </span>
                </div>
                Summary:
                <div>
                  We don't have a summary for Episode 
                  2
                   yet!
                </div>
              </div>
              <div
                class="col"
              >
                <img
                  class="fluid page-show-details-img"
                  src="https://static.tvmaze.com/uploads/images/medium_landscape/224/562018.jpg"
                />
              </div>
            </div>
          </div>
        </div>
      </div>
    </div>
    <div
      class="accordion-list mb-2 accordion"
    >
      <div
        class="accordion-item"
      >
        <h2
          class="accordion-header"
        >
          <button
            aria-expanded="false"
            class="accordion-button collapsed"
            type="button"
          >
            Episode 
            3
             - 
            Vertrauter Feind
          </button>
        </h2>
        <div
          class="accordion-collapse collapse"
        >
          <div
            class="text-light accordion-body"
          >
            <div
              class="row"
            >
              <div
                class="col"
              >
                <div
                  class="text-muted mb-3"
                >
                  Aired: 
                  2019/11/21 20:00
                  <span
                    class="mt-3 text-dark badge bg-light"
                  >
                    Local timezone: 
                    OFF
                  </span>
                </div>
                Summary:
                <div>
                  We don't have a summary for Episode 
                  3
                   yet!
                </div>
              </div>
              <div
                class="col"
              >
                <img
                  class="fluid page-show-details-img"
                  src="https://static.tvmaze.com/uploads/images/medium_landscape/227/568939.jpg"
                />
              </div>
            </div>
          </div>
        </div>
      </div>
    </div>
  </div>,
  "debug": [Function],
  "findAllByAltText": [Function],
  "findAllByDisplayValue": [Function],
  "findAllByLabelText": [Function],
  "findAllByPlaceholderText": [Function],
  "findAllByRole": [Function],
  "findAllByTestId": [Function],
  "findAllByText": [Function],
  "findAllByTitle": [Function],
  "findByAltText": [Function],
  "findByDisplayValue": [Function],
  "findByLabelText": [Function],
  "findByPlaceholderText": [Function],
  "findByRole": [Function],
  "findByTestId": [Function],
  "findByText": [Function],
  "findByTitle": [Function],
  "getAllByAltText": [Function],
  "getAllByDisplayValue": [Function],
  "getAllByLabelText": [Function],
  "getAllByPlaceholderText": [Function],
  "getAllByRole": [Function],
  "getAllByTestId": [Function],
  "getAllByText": [Function],
  "getAllByTitle": [Function],
  "getByAltText": [Function],
  "getByDisplayValue": [Function],
  "getByLabelText": [Function],
  "getByPlaceholderText": [Function],
  "getByRole": [Function],
  "getByTestId": [Function],
  "getByText": [Function],
  "getByTitle": [Function],
  "queryAllByAltText": [Function],
  "queryAllByDisplayValue": [Function],
  "queryAllByLabelText": [Function],
  "queryAllByPlaceholderText": [Function],
  "queryAllByRole": [Function],
  "queryAllByTestId": [Function],
  "queryAllByText": [Function],
  "queryAllByTitle": [Function],
  "queryByAltText": [Function],
  "queryByDisplayValue": [Function],
  "queryByLabelText": [Function],
  "queryByPlaceholderText": [Function],
  "queryByRole": [Function],
  "queryByTestId": [Function],
  "queryByText": [Function],
  "queryByTitle": [Function],
  "rerender": [Function],
  "unmount": [Function],
}
`;
